#! /c/Source/iverilog-install/bin/vvp
:ivl_version "12.0 (devel)" "(s20150603-1539-g2693dd32b)";
:ivl_delay_selection "TYPICAL";
:vpi_time_precision - 12;
:vpi_module "C:\iverilog\lib\ivl\system.vpi";
:vpi_module "C:\iverilog\lib\ivl\vhdl_sys.vpi";
:vpi_module "C:\iverilog\lib\ivl\vhdl_textio.vpi";
:vpi_module "C:\iverilog\lib\ivl\v2005_math.vpi";
:vpi_module "C:\iverilog\lib\ivl\va_math.vpi";
:vpi_module "C:\iverilog\lib\ivl\v2009.vpi";
S_00000235eb251260 .scope package, "$unit" "$unit" 2 1;
 .timescale 0 0;
S_00000235eb266580 .scope module, "aFifo_TB" "aFifo_TB" 3 16;
 .timescale -9 -12;
P_00000235eb2534c0 .param/l "ADDRESS_WIDTH" 0 3 18, +C4<00000000000000000000000000000100>;
P_00000235eb2534f8 .param/l "DATA_WIDTH" 0 3 17, +C4<00000000000000000000000000001000>;
P_00000235eb253530 .param/l "FIFO_DEPTH" 0 3 19, +C4<000000000000000000000000000000010000>;
v00000235eb2e9250_0 .var "Clear_in", 0 0;
v00000235eb2e8990_0 .var "Data_in", 7 0;
v00000235eb2e8170_0 .net "Data_out", 7 0, v00000235eb2875e0_0;  1 drivers
v00000235eb2e80d0_0 .net "Empty_out", 0 0, v00000235eb27cff0_0;  1 drivers
v00000235eb2e8d50_0 .net "Full_out", 0 0, v00000235eb2e9e30_0;  1 drivers
v00000235eb2e92f0_0 .var "RClk", 0 0;
v00000235eb2e9890_0 .var/real "RHalf", 0 0;
v00000235eb2e9390_0 .var "ReadEn_in", 0 0;
v00000235eb2e8a30 .array "RefQueue", 8191 0, 7 0;
v00000235eb2e8210_0 .var "WClk", 0 0;
v00000235eb2e82b0_0 .var/real "WHalf", 0 0;
v00000235eb2e8c10_0 .var "WriteEn_in", 0 0;
v00000235eb2e9930_0 .var/i "errors", 31 0;
v00000235eb2e99d0_0 .var/i "rd_idx", 31 0;
v00000235eb2e9a70_0 .var/i "reads_ok", 31 0;
v00000235eb2e8f30_0 .var/i "wr_idx", 31 0;
v00000235eb2e8fd0_0 .var/i "writes_ok", 31 0;
S_00000235eb266710 .scope module, "DUT" "aFifo" 3 43, 4 17 0, S_00000235eb266580;
 .timescale -9 -12;
    .port_info 0 /OUTPUT 8 "Data_out";
    .port_info 1 /OUTPUT 1 "Empty_out";
    .port_info 2 /INPUT 1 "ReadEn_in";
    .port_info 3 /INPUT 1 "RClk";
    .port_info 4 /INPUT 8 "Data_in";
    .port_info 5 /OUTPUT 1 "Full_out";
    .port_info 6 /INPUT 1 "WriteEn_in";
    .port_info 7 /INPUT 1 "WClk";
    .port_info 8 /INPUT 1 "Clear_in";
P_00000235eb24e190 .param/l "ADDRESS_WIDTH" 0 4 19, +C4<00000000000000000000000000000100>;
P_00000235eb24e1c8 .param/l "DATA_WIDTH" 0 4 18, +C4<00000000000000000000000000001000>;
P_00000235eb24e200 .param/l "FIFO_DEPTH" 0 4 20, +C4<000000000000000000000000000000010000>;
P_00000235eb24e238 .param/l "PTR_WIDTH" 1 4 35, +C4<000000000000000000000000000000101>;
L_00000235eb28a6c0 .functor NOT 1, v00000235eb2e9e30_0, C4<0>, C4<0>, C4<0>;
L_00000235eb289fc0 .functor AND 1, v00000235eb2e8c10_0, L_00000235eb28a6c0, C4<1>, C4<1>;
L_00000235eb28a960 .functor NOT 1, v00000235eb27cff0_0, C4<0>, C4<0>, C4<0>;
L_00000235eb28a9d0 .functor AND 1, v00000235eb2e9390_0, L_00000235eb28a960, C4<1>, C4<1>;
L_00000235eb28a650 .functor NOT 2, L_00000235eb2eb610, C4<00>, C4<00>, C4<00>;
v00000235eb2893e0_0 .net "Clear_in", 0 0, v00000235eb2e9250_0;  1 drivers
v00000235eb289480_0 .net "Data_in", 7 0, v00000235eb2e8990_0;  1 drivers
v00000235eb2875e0_0 .var "Data_out", 7 0;
v00000235eb27ddb0_0 .net "EmptyNext", 0 0, L_00000235eb2eadf0;  1 drivers
v00000235eb27cff0_0 .var "Empty_out", 0 0;
v00000235eb2e8030_0 .net "FullNext", 0 0, L_00000235eb2eb1b0;  1 drivers
v00000235eb2e9e30_0 .var "Full_out", 0 0;
v00000235eb2e9070 .array "Mem", 0 15, 7 0;
v00000235eb2e8ad0_0 .net "NextReadAddressEn", 0 0, L_00000235eb28a9d0;  1 drivers
v00000235eb2e9610_0 .net "NextWriteAddressEn", 0 0, L_00000235eb289fc0;  1 drivers
v00000235eb2e88f0_0 .net "RClk", 0 0, v00000235eb2e92f0_0;  1 drivers
v00000235eb2e8e90_0 .net "ReadEn_in", 0 0, v00000235eb2e9390_0;  1 drivers
v00000235eb2e9430_0 .net "WClk", 0 0, v00000235eb2e8210_0;  1 drivers
v00000235eb2e8530_0 .net "WriteEn_in", 0 0, v00000235eb2e8c10_0;  1 drivers
v00000235eb2e85d0_0 .net *"_ivl_0", 0 0, L_00000235eb28a6c0;  1 drivers
v00000235eb2e94d0_0 .net *"_ivl_10", 1 0, L_00000235eb28a650;  1 drivers
v00000235eb2e9bb0_0 .net *"_ivl_13", 2 0, L_00000235eb2ea990;  1 drivers
v00000235eb2e9570_0 .net *"_ivl_14", 4 0, L_00000235eb2eab70;  1 drivers
v00000235eb2e9110_0 .net *"_ivl_4", 0 0, L_00000235eb28a960;  1 drivers
v00000235eb2e8670_0 .net *"_ivl_9", 1 0, L_00000235eb2eb610;  1 drivers
v00000235eb2e8710_0 .net "rBinNext", 4 0, L_00000235eb28a5e0;  1 drivers
v00000235eb2e9c50_0 .net "rBinPtr", 4 0, v00000235eb289020_0;  1 drivers
v00000235eb2e9750_0 .net "rGrayNext", 4 0, L_00000235eb289e00;  1 drivers
v00000235eb2e9b10_0 .net "rGrayPtr", 4 0, v00000235eb2881c0_0;  1 drivers
v00000235eb2e83f0_0 .net "rGrayPtr_wSync", 4 0, v00000235eb288b20_0;  1 drivers
v00000235eb2e8490_0 .net "wBinNext", 4 0, L_00000235eb28a030;  1 drivers
v00000235eb2e8cb0_0 .net "wBinPtr", 4 0, v00000235eb288300_0;  1 drivers
v00000235eb2e87b0_0 .net "wGrayNext", 4 0, L_00000235eb28a0a0;  1 drivers
v00000235eb2e96b0_0 .net "wGrayPtr", 4 0, v00000235eb288120_0;  1 drivers
v00000235eb2e97f0_0 .net "wGrayPtr_rSync", 4 0, v00000235eb289160_0;  1 drivers
E_00000235eb28d2f0 .event posedge, v00000235eb2886c0_0;
E_00000235eb28d370 .event posedge, v00000235eb288940_0;
L_00000235eb2eb610 .part v00000235eb288b20_0, 3, 2;
L_00000235eb2ea990 .part v00000235eb288b20_0, 0, 3;
L_00000235eb2eab70 .concat [ 3 2 0 0], L_00000235eb2ea990, L_00000235eb28a650;
L_00000235eb2eb1b0 .cmp/eq 5, L_00000235eb28a0a0, L_00000235eb2eab70;
L_00000235eb2eadf0 .cmp/eq 5, L_00000235eb289e00, v00000235eb289160_0;
S_00000235eb261c60 .scope module, "GrayCounter_pRd" "GrayCounter" 4 79, 5 12 0, S_00000235eb266710;
 .timescale -9 -12;
    .port_info 0 /OUTPUT 5 "GrayCount_out";
    .port_info 1 /OUTPUT 5 "BinaryCount_out";
    .port_info 2 /OUTPUT 5 "GrayNext_out";
    .port_info 3 /OUTPUT 5 "BinaryNext_out";
    .port_info 4 /INPUT 1 "Enable_in";
    .port_info 5 /INPUT 1 "Clear_in";
    .port_info 6 /INPUT 1 "clk";
P_00000235eb28d3b0 .param/l "COUNTER_WIDTH" 0 5 13, +C4<000000000000000000000000000000101>;
L_00000235eb28ace0 .functor NOT 1, v00000235eb2e9250_0, C4<0>, C4<0>, C4<0>;
L_00000235eb289f50 .functor AND 1, L_00000235eb28a9d0, L_00000235eb28ace0, C4<1>, C4<1>;
L_00000235eb28a5e0 .functor BUFZ 5, L_00000235eb2eb2f0, C4<00000>, C4<00000>, C4<00000>;
L_00000235eb289e00 .functor XOR 5, L_00000235eb2eb2f0, L_00000235eb2ead50, C4<00000>, C4<00000>;
v00000235eb289020_0 .var "BinaryCount_out", 4 0;
v00000235eb288da0_0 .net "BinaryNext", 4 0, L_00000235eb2eb2f0;  1 drivers
v00000235eb287900_0 .net "BinaryNext_out", 4 0, L_00000235eb28a5e0;  alias, 1 drivers
v00000235eb288f80_0 .net "Clear_in", 0 0, v00000235eb2e9250_0;  alias, 1 drivers
v00000235eb287fe0_0 .net "Enable_in", 0 0, L_00000235eb28a9d0;  alias, 1 drivers
v00000235eb2881c0_0 .var "GrayCount_out", 4 0;
v00000235eb287ae0_0 .net "GrayNext_out", 4 0, L_00000235eb289e00;  alias, 1 drivers
L_00000235eb310118 .functor BUFT 1, C4<0000>, C4<0>, C4<0>, C4<0>;
v00000235eb287680_0 .net/2u *"_ivl_0", 3 0, L_00000235eb310118;  1 drivers
v00000235eb2877c0_0 .net *"_ivl_12", 4 0, L_00000235eb2ead50;  1 drivers
v00000235eb288e40_0 .net *"_ivl_14", 3 0, L_00000235eb2eb570;  1 drivers
L_00000235eb310160 .functor BUFT 1, C4<0>, C4<0>, C4<0>, C4<0>;
v00000235eb2879a0_0 .net *"_ivl_16", 0 0, L_00000235eb310160;  1 drivers
v00000235eb287b80_0 .net *"_ivl_2", 0 0, L_00000235eb28ace0;  1 drivers
v00000235eb287c20_0 .net *"_ivl_4", 0 0, L_00000235eb289f50;  1 drivers
v00000235eb287a40_0 .net *"_ivl_6", 4 0, L_00000235eb2eb250;  1 drivers
v00000235eb2886c0_0 .net "clk", 0 0, v00000235eb2e92f0_0;  alias, 1 drivers
E_00000235eb28ca70 .event posedge, v00000235eb288f80_0, v00000235eb2886c0_0;
L_00000235eb2eb250 .concat [ 1 4 0 0], L_00000235eb289f50, L_00000235eb310118;
L_00000235eb2eb2f0 .arith/sum 5, v00000235eb289020_0, L_00000235eb2eb250;
L_00000235eb2eb570 .part L_00000235eb2eb2f0, 1, 4;
L_00000235eb2ead50 .concat [ 4 1 0 0], L_00000235eb2eb570, L_00000235eb310160;
S_00000235eb261df0 .scope module, "GrayCounter_pWr" "GrayCounter" 4 69, 5 12 0, S_00000235eb266710;
 .timescale -9 -12;
    .port_info 0 /OUTPUT 5 "GrayCount_out";
    .port_info 1 /OUTPUT 5 "BinaryCount_out";
    .port_info 2 /OUTPUT 5 "GrayNext_out";
    .port_info 3 /OUTPUT 5 "BinaryNext_out";
    .port_info 4 /INPUT 1 "Enable_in";
    .port_info 5 /INPUT 1 "Clear_in";
    .port_info 6 /INPUT 1 "clk";
P_00000235eb28cbb0 .param/l "COUNTER_WIDTH" 0 5 13, +C4<000000000000000000000000000000101>;
L_00000235eb28a570 .functor NOT 1, v00000235eb2e9250_0, C4<0>, C4<0>, C4<0>;
L_00000235eb28aa40 .functor AND 1, L_00000235eb289fc0, L_00000235eb28a570, C4<1>, C4<1>;
L_00000235eb28a030 .functor BUFZ 5, L_00000235eb2eac10, C4<00000>, C4<00000>, C4<00000>;
L_00000235eb28a0a0 .functor XOR 5, L_00000235eb2eac10, L_00000235eb2eacb0, C4<00000>, C4<00000>;
v00000235eb288300_0 .var "BinaryCount_out", 4 0;
v00000235eb287d60_0 .net "BinaryNext", 4 0, L_00000235eb2eac10;  1 drivers
v00000235eb287f40_0 .net "BinaryNext_out", 4 0, L_00000235eb28a030;  alias, 1 drivers
v00000235eb2883a0_0 .net "Clear_in", 0 0, v00000235eb2e9250_0;  alias, 1 drivers
v00000235eb287e00_0 .net "Enable_in", 0 0, L_00000235eb289fc0;  alias, 1 drivers
v00000235eb288120_0 .var "GrayCount_out", 4 0;
v00000235eb2884e0_0 .net "GrayNext_out", 4 0, L_00000235eb28a0a0;  alias, 1 drivers
L_00000235eb310088 .functor BUFT 1, C4<0000>, C4<0>, C4<0>, C4<0>;
v00000235eb287720_0 .net/2u *"_ivl_0", 3 0, L_00000235eb310088;  1 drivers
v00000235eb287ea0_0 .net *"_ivl_12", 4 0, L_00000235eb2eacb0;  1 drivers
v00000235eb288080_0 .net *"_ivl_14", 3 0, L_00000235eb2eb430;  1 drivers
L_00000235eb3100d0 .functor BUFT 1, C4<0>, C4<0>, C4<0>, C4<0>;
v00000235eb288580_0 .net *"_ivl_16", 0 0, L_00000235eb3100d0;  1 drivers
v00000235eb288760_0 .net *"_ivl_2", 0 0, L_00000235eb28a570;  1 drivers
v00000235eb288800_0 .net *"_ivl_4", 0 0, L_00000235eb28aa40;  1 drivers
v00000235eb2888a0_0 .net *"_ivl_6", 4 0, L_00000235eb2e8df0;  1 drivers
v00000235eb288940_0 .net "clk", 0 0, v00000235eb2e8210_0;  alias, 1 drivers
E_00000235eb28c2b0 .event posedge, v00000235eb288f80_0, v00000235eb288940_0;
L_00000235eb2e8df0 .concat [ 1 4 0 0], L_00000235eb28aa40, L_00000235eb310088;
L_00000235eb2eac10 .arith/sum 5, v00000235eb288300_0, L_00000235eb2e8df0;
L_00000235eb2eb430 .part L_00000235eb2eac10, 1, 4;
L_00000235eb2eacb0 .concat [ 4 1 0 0], L_00000235eb2eb430, L_00000235eb3100d0;
S_00000235eb223360 .scope module, "Sync_rPtr_to_WClk" "Synchronizer" 4 91, 6 9 0, S_00000235eb266710;
 .timescale -9 -12;
    .port_info 0 /OUTPUT 5 "Q_out";
    .port_info 1 /INPUT 5 "D_in";
    .port_info 2 /INPUT 1 "Clear_in";
    .port_info 3 /INPUT 1 "clk";
P_00000235eb28c9b0 .param/l "SYNC_WIDTH" 0 6 10, +C4<000000000000000000000000000000101>;
v00000235eb288ee0_0 .net "Clear_in", 0 0, v00000235eb2e9250_0;  alias, 1 drivers
v00000235eb2890c0_0 .net "D_in", 4 0, v00000235eb2881c0_0;  alias, 1 drivers
v00000235eb2889e0_0 .var "Q_meta", 4 0;
v00000235eb288b20_0 .var "Q_out", 4 0;
v00000235eb288a80_0 .net "clk", 0 0, v00000235eb2e8210_0;  alias, 1 drivers
S_00000235eb2234f0 .scope module, "Sync_wPtr_to_RClk" "Synchronizer" 4 99, 6 9 0, S_00000235eb266710;
 .timescale -9 -12;
    .port_info 0 /OUTPUT 5 "Q_out";
    .port_info 1 /INPUT 5 "D_in";
    .port_info 2 /INPUT 1 "Clear_in";
    .port_info 3 /INPUT 1 "clk";
P_00000235eb28c730 .param/l "SYNC_WIDTH" 0 6 10, +C4<000000000000000000000000000000101>;
v00000235eb288bc0_0 .net "Clear_in", 0 0, v00000235eb2e9250_0;  alias, 1 drivers
v00000235eb288c60_0 .net "D_in", 4 0, v00000235eb288120_0;  alias, 1 drivers
v00000235eb289340_0 .var "Q_meta", 4 0;
v00000235eb289160_0 .var "Q_out", 4 0;
v00000235eb2892a0_0 .net "clk", 0 0, v00000235eb2e92f0_0;  alias, 1 drivers
S_00000235eb28f1f0 .scope task, "do_reset" "do_reset" 3 90, 3 90 0, S_00000235eb266580;
 .timescale -9 -12;
E_00000235eb28cbf0 .event negedge, v00000235eb288940_0;
E_00000235eb28c330 .event negedge, v00000235eb2886c0_0;
TD_aFifo_TB.do_reset ;
    %wait E_00000235eb28cbf0;
    %pushi/vec4 0, 0, 1;
    %store/vec4 v00000235eb2e8c10_0, 0, 1;
    %wait E_00000235eb28c330;
    %pushi/vec4 0, 0, 1;
    %store/vec4 v00000235eb2e9390_0, 0, 1;
    %pushi/vec4 1, 0, 1;
    %store/vec4 v00000235eb2e9250_0, 0, 1;
    %delay 50000, 0;
    %wait E_00000235eb28cbf0;
    %pushi/vec4 0, 0, 1;
    %store/vec4 v00000235eb2e9250_0, 0, 1;
    %pushi/vec4 0, 0, 32;
    %store/vec4 v00000235eb2e8f30_0, 0, 32;
    %pushi/vec4 0, 0, 32;
    %store/vec4 v00000235eb2e99d0_0, 0, 32;
    %delay 50000, 0;
    %end;
S_00000235eb28f380 .scope task, "test_concurrent" "test_concurrent" 3 133, 3 133 0, S_00000235eb266580;
 .timescale -9 -12;
v00000235eb2e91b0_0 .var/i "n_ops", 31 0;
v00000235eb2e8350_0 .var/i "r0", 31 0;
v00000235eb2e8850_0 .var/real "rper", 0 0;
v00000235eb2e8b70_0 .var/i "w0", 31 0;
v00000235eb2e9cf0_0 .var/real "wper", 0 0;
E_00000235eb28c4b0/0 .event anyedge, v00000235eb2e8fd0_0, v00000235eb2e8b70_0, v00000235eb2e91b0_0, v00000235eb2e9a70_0;
E_00000235eb28c4b0/1 .event anyedge, v00000235eb2e8350_0;
E_00000235eb28c4b0 .event/or E_00000235eb28c4b0/0, E_00000235eb28c4b0/1;
TD_aFifo_TB.test_concurrent ;
    %vpi_call/w 3 139 "$display", "\012--- Teste concorrente: WClk = %0.1f ns, RClk = %0.1f ns, %0d operacoes ---", v00000235eb2e9cf0_0, v00000235eb2e8850_0, v00000235eb2e91b0_0 {0 0 0};
    %load/real v00000235eb2e9cf0_0;
    %pushi/real 1073741824, 4067; load=2.00000
    %div/wr;
    %store/real v00000235eb2e82b0_0;
    %load/real v00000235eb2e8850_0;
    %pushi/real 1073741824, 4067; load=2.00000
    %div/wr;
    %store/real v00000235eb2e9890_0;
    %load/vec4 v00000235eb2e8fd0_0;
    %store/vec4 v00000235eb2e8b70_0, 0, 32;
    %load/vec4 v00000235eb2e9a70_0;
    %store/vec4 v00000235eb2e8350_0, 0, 32;
    %wait E_00000235eb28cbf0;
    %pushi/vec4 1, 0, 1;
    %store/vec4 v00000235eb2e8c10_0, 0, 1;
    %wait E_00000235eb28c330;
    %pushi/vec4 1, 0, 1;
    %store/vec4 v00000235eb2e9390_0, 0, 1;
T_1.0 ;
    %load/vec4 v00000235eb2e91b0_0;
    %load/vec4 v00000235eb2e8fd0_0;
    %load/vec4 v00000235eb2e8b70_0;
    %sub;
    %cmp/s;
    %flag_or 5, 4;
    %flag_get/vec4 5;
    %jmp/0 T_1.2, 5;
    %load/vec4 v00000235eb2e91b0_0;
    %load/vec4 v00000235eb2e9a70_0;
    %load/vec4 v00000235eb2e8350_0;
    %sub;
    %cmp/s;
    %flag_get/vec4 4;
    %flag_get/vec4 5;
    %or;
    %and;
T_1.2;
    %cmpi/ne 1, 0, 1;
    %jmp/0xz T_1.1, 6;
    %wait E_00000235eb28c4b0;
    %jmp T_1.0;
T_1.1 ;
    %wait E_00000235eb28cbf0;
    %pushi/vec4 0, 0, 1;
    %store/vec4 v00000235eb2e8c10_0, 0, 1;
    %delay 200000, 0;
    %wait E_00000235eb28c330;
    %pushi/vec4 0, 0, 1;
    %store/vec4 v00000235eb2e9390_0, 0, 1;
    %delay 200000, 0;
    %load/vec4 v00000235eb2e8fd0_0;
    %load/vec4 v00000235eb2e8b70_0;
    %sub;
    %load/vec4 v00000235eb2e9a70_0;
    %load/vec4 v00000235eb2e8350_0;
    %sub;
    %vpi_call/w 3 152 "$display", "[%0t] escritas aceitas = %0d, leituras corretas = %0d, erros = %0d", $time, S<1,vec4,s32>, S<0,vec4,s32>, v00000235eb2e9930_0 {2 0 0};
    %end;
S_00000235eb28f510 .scope task, "test_fill_then_drain" "test_fill_then_drain" 3 103, 3 103 0, S_00000235eb266580;
 .timescale -9 -12;
v00000235eb2e9d90_0 .var/i "r0", 31 0;
v00000235eb2e9ed0_0 .var/i "w0", 31 0;
E_00000235eb28c830 .event anyedge, v00000235eb27cff0_0;
E_00000235eb28cdf0 .event anyedge, v00000235eb2e9e30_0;
TD_aFifo_TB.test_fill_then_drain ;
    %vpi_call/w 3 106 "$display", "\012--- Teste 1: preencher ate Full_out=1 e esvaziar ate Empty_out=1 ---" {0 0 0};
    %load/vec4 v00000235eb2e8fd0_0;
    %store/vec4 v00000235eb2e9ed0_0, 0, 32;
    %load/vec4 v00000235eb2e9a70_0;
    %store/vec4 v00000235eb2e9d90_0, 0, 32;
    %wait E_00000235eb28cbf0;
    %pushi/vec4 1, 0, 1;
    %store/vec4 v00000235eb2e8c10_0, 0, 1;
T_2.3 ;
    %load/vec4 v00000235eb2e8d50_0;
    %pushi/vec4 1, 0, 1;
    %cmp/e;
    %flag_get/vec4 6;
    %cmpi/ne 1, 0, 1;
    %jmp/0xz T_2.4, 6;
    %wait E_00000235eb28cdf0;
    %jmp T_2.3;
T_2.4 ;
    %wait E_00000235eb28cbf0;
    %pushi/vec4 0, 0, 1;
    %store/vec4 v00000235eb2e8c10_0, 0, 1;
    %load/vec4 v00000235eb2e8fd0_0;
    %load/vec4 v00000235eb2e9ed0_0;
    %sub;
    %vpi_call/w 3 111 "$display", "[%0t] Full_out=1 apos %0d escritas aceitas (profundidade = %0d)", $time, S<0,vec4,s32>, P_00000235eb253530 {1 0 0};
    %load/vec4 v00000235eb2e8fd0_0;
    %pad/s 36;
    %load/vec4 v00000235eb2e9ed0_0;
    %pad/s 36;
    %sub;
    %cmpi/ne 16, 0, 36;
    %jmp/0xz  T_2.5, 6;
    %load/vec4 v00000235eb2e9930_0;
    %addi 1, 0, 32;
    %store/vec4 v00000235eb2e9930_0, 0, 32;
    %vpi_call/w 3 115 "$display", "ERRO: numero de escritas aceitas diferente da profundidade." {0 0 0};
T_2.5 ;
    %delay 100000, 0;
    %wait E_00000235eb28c330;
    %pushi/vec4 1, 0, 1;
    %store/vec4 v00000235eb2e9390_0, 0, 1;
T_2.7 ;
    %load/vec4 v00000235eb2e80d0_0;
    %pushi/vec4 1, 0, 1;
    %cmp/e;
    %flag_get/vec4 6;
    %cmpi/ne 1, 0, 1;
    %jmp/0xz T_2.8, 6;
    %wait E_00000235eb28c830;
    %jmp T_2.7;
T_2.8 ;
    %wait E_00000235eb28c330;
    %pushi/vec4 0, 0, 1;
    %store/vec4 v00000235eb2e9390_0, 0, 1;
    %load/vec4 v00000235eb2e9a70_0;
    %load/vec4 v00000235eb2e9d90_0;
    %sub;
    %vpi_call/w 3 122 "$display", "[%0t] Empty_out=1 apos %0d leituras corretas (erros acumulados = %0d)", $time, S<0,vec4,s32>, v00000235eb2e9930_0 {1 0 0};
    %load/vec4 v00000235eb2e9a70_0;
    %pad/s 36;
    %load/vec4 v00000235eb2e9d90_0;
    %pad/s 36;
    %sub;
    %cmpi/ne 16, 0, 36;
    %jmp/0xz  T_2.9, 6;
    %load/vec4 v00000235eb2e9930_0;
    %addi 1, 0, 32;
    %store/vec4 v00000235eb2e9930_0, 0, 32;
    %vpi_call/w 3 126 "$display", "ERRO: numero de leituras diferente da profundidade." {0 0 0};
T_2.9 ;
    %delay 100000, 0;
    %end;
    .scope S_00000235eb261df0;
T_3 ;
    %wait E_00000235eb28c2b0;
    %load/vec4 v00000235eb2883a0_0;
    %flag_set/vec4 8;
    %jmp/0xz  T_3.0, 8;
    %pushi/vec4 0, 0, 5;
    %assign/vec4 v00000235eb288300_0, 0;
    %pushi/vec4 0, 0, 5;
    %assign/vec4 v00000235eb288120_0, 0;
    %jmp T_3.1;
T_3.0 ;
    %load/vec4 v00000235eb287d60_0;
    %assign/vec4 v00000235eb288300_0, 0;
    %load/vec4 v00000235eb2884e0_0;
    %assign/vec4 v00000235eb288120_0, 0;
T_3.1 ;
    %jmp T_3;
    .thread T_3;
    .scope S_00000235eb261c60;
T_4 ;
    %wait E_00000235eb28ca70;
    %load/vec4 v00000235eb288f80_0;
    %flag_set/vec4 8;
    %jmp/0xz  T_4.0, 8;
    %pushi/vec4 0, 0, 5;
    %assign/vec4 v00000235eb289020_0, 0;
    %pushi/vec4 0, 0, 5;
    %assign/vec4 v00000235eb2881c0_0, 0;
    %jmp T_4.1;
T_4.0 ;
    %load/vec4 v00000235eb288da0_0;
    %assign/vec4 v00000235eb289020_0, 0;
    %load/vec4 v00000235eb287ae0_0;
    %assign/vec4 v00000235eb2881c0_0, 0;
T_4.1 ;
    %jmp T_4;
    .thread T_4;
    .scope S_00000235eb223360;
T_5 ;
    %wait E_00000235eb28c2b0;
    %load/vec4 v00000235eb288ee0_0;
    %flag_set/vec4 8;
    %jmp/0xz  T_5.0, 8;
    %pushi/vec4 0, 0, 5;
    %assign/vec4 v00000235eb2889e0_0, 0;
    %pushi/vec4 0, 0, 5;
    %assign/vec4 v00000235eb288b20_0, 0;
    %jmp T_5.1;
T_5.0 ;
    %load/vec4 v00000235eb2890c0_0;
    %assign/vec4 v00000235eb2889e0_0, 0;
    %load/vec4 v00000235eb2889e0_0;
    %assign/vec4 v00000235eb288b20_0, 0;
T_5.1 ;
    %jmp T_5;
    .thread T_5;
    .scope S_00000235eb2234f0;
T_6 ;
    %wait E_00000235eb28ca70;
    %load/vec4 v00000235eb288bc0_0;
    %flag_set/vec4 8;
    %jmp/0xz  T_6.0, 8;
    %pushi/vec4 0, 0, 5;
    %assign/vec4 v00000235eb289340_0, 0;
    %pushi/vec4 0, 0, 5;
    %assign/vec4 v00000235eb289160_0, 0;
    %jmp T_6.1;
T_6.0 ;
    %load/vec4 v00000235eb288c60_0;
    %assign/vec4 v00000235eb289340_0, 0;
    %load/vec4 v00000235eb289340_0;
    %assign/vec4 v00000235eb289160_0, 0;
T_6.1 ;
    %jmp T_6;
    .thread T_6;
    .scope S_00000235eb266710;
T_7 ;
    %wait E_00000235eb28d370;
    %load/vec4 v00000235eb2e9610_0;
    %flag_set/vec4 8;
    %jmp/0xz  T_7.0, 8;
    %load/vec4 v00000235eb289480_0;
    %load/vec4 v00000235eb2e8cb0_0;
    %parti/s 4, 0, 2;
    %pad/u 6;
    %ix/vec4 3;
    %ix/load 4, 0, 0; Constant delay
    %assign/vec4/a/d v00000235eb2e9070, 0, 4;
T_7.0 ;
    %jmp T_7;
    .thread T_7;
    .scope S_00000235eb266710;
T_8 ;
    %wait E_00000235eb28d2f0;
    %load/vec4 v00000235eb2e8ad0_0;
    %flag_set/vec4 8;
    %jmp/0xz  T_8.0, 8;
    %load/vec4 v00000235eb2e9c50_0;
    %parti/s 4, 0, 2;
    %pad/u 6;
    %ix/vec4 4;
    %load/vec4a v00000235eb2e9070, 4;
    %assign/vec4 v00000235eb2875e0_0, 0;
T_8.0 ;
    %jmp T_8;
    .thread T_8;
    .scope S_00000235eb266710;
T_9 ;
    %wait E_00000235eb28c2b0;
    %load/vec4 v00000235eb2893e0_0;
    %flag_set/vec4 8;
    %jmp/0xz  T_9.0, 8;
    %pushi/vec4 0, 0, 1;
    %assign/vec4 v00000235eb2e9e30_0, 0;
    %jmp T_9.1;
T_9.0 ;
    %load/vec4 v00000235eb2e8030_0;
    %assign/vec4 v00000235eb2e9e30_0, 0;
T_9.1 ;
    %jmp T_9;
    .thread T_9;
    .scope S_00000235eb266710;
T_10 ;
    %wait E_00000235eb28ca70;
    %load/vec4 v00000235eb2893e0_0;
    %flag_set/vec4 8;
    %jmp/0xz  T_10.0, 8;
    %pushi/vec4 1, 0, 1;
    %assign/vec4 v00000235eb27cff0_0, 0;
    %jmp T_10.1;
T_10.0 ;
    %load/vec4 v00000235eb27ddb0_0;
    %assign/vec4 v00000235eb27cff0_0, 0;
T_10.1 ;
    %jmp T_10;
    .thread T_10;
    .scope S_00000235eb266580;
T_11 ;
    %pushi/real 1342177280, 4068; load=5.00000
    %store/real v00000235eb2e82b0_0;
    %pushi/real 1744830464, 4068; load=6.50000
    %store/real v00000235eb2e9890_0;
    %end;
    .thread T_11, $init;
    .scope S_00000235eb266580;
T_12 ;
    %load/real v00000235eb2e82b0_0;
    %pushi/real 2097152000, 4075; load=1000.00
    %mul/wr;
    %cvt/vr 64;
    %muli 1, 0, 64;
    %ix/vec4 4;
    %delayx 4;
    %load/vec4 v00000235eb2e8210_0;
    %inv;
    %store/vec4 v00000235eb2e8210_0, 0, 1;
    %jmp T_12;
    .thread T_12;
    .scope S_00000235eb266580;
T_13 ;
    %load/real v00000235eb2e9890_0;
    %pushi/real 2097152000, 4075; load=1000.00
    %mul/wr;
    %cvt/vr 64;
    %muli 1, 0, 64;
    %ix/vec4 4;
    %delayx 4;
    %load/vec4 v00000235eb2e92f0_0;
    %inv;
    %store/vec4 v00000235eb2e92f0_0, 0, 1;
    %jmp T_13;
    .thread T_13;
    .scope S_00000235eb266580;
T_14 ;
    %wait E_00000235eb28d370;
    %load/vec4 v00000235eb2e9250_0;
    %nor/r;
    %flag_set/vec4 10;
    %flag_get/vec4 10;
    %jmp/0 T_14.3, 10;
    %load/vec4 v00000235eb2e8c10_0;
    %and;
T_14.3;
    %flag_set/vec4 9;
    %flag_get/vec4 9;
    %jmp/0 T_14.2, 9;
    %load/vec4 v00000235eb2e8d50_0;
    %nor/r;
    %and;
T_14.2;
    %flag_set/vec4 8;
    %jmp/0xz  T_14.0, 8;
    %load/vec4 v00000235eb2e8990_0;
    %ix/getv/s 4, v00000235eb2e8f30_0;
    %store/vec4a v00000235eb2e8a30, 4, 0;
    %load/vec4 v00000235eb2e8f30_0;
    %addi 1, 0, 32;
    %store/vec4 v00000235eb2e8f30_0, 0, 32;
    %load/vec4 v00000235eb2e8fd0_0;
    %addi 1, 0, 32;
    %store/vec4 v00000235eb2e8fd0_0, 0, 32;
    %load/vec4 v00000235eb2e8990_0;
    %addi 1, 0, 8;
    %assign/vec4 v00000235eb2e8990_0, 0;
T_14.0 ;
    %jmp T_14;
    .thread T_14;
    .scope S_00000235eb266580;
T_15 ;
    %wait E_00000235eb28d2f0;
    %load/vec4 v00000235eb2e9250_0;
    %nor/r;
    %flag_set/vec4 10;
    %flag_get/vec4 10;
    %jmp/0 T_15.3, 10;
    %load/vec4 v00000235eb2e9390_0;
    %and;
T_15.3;
    %flag_set/vec4 9;
    %flag_get/vec4 9;
    %jmp/0 T_15.2, 9;
    %load/vec4 v00000235eb2e80d0_0;
    %nor/r;
    %and;
T_15.2;
    %flag_set/vec4 8;
    %jmp/0xz  T_15.0, 8;
    %delay 500, 0;
    %load/vec4 v00000235eb2e8170_0;
    %ix/getv/s 4, v00000235eb2e99d0_0;
    %load/vec4a v00000235eb2e8a30, 4;
    %cmp/ne;
    %jmp/0xz  T_15.4, 6;
    %load/vec4 v00000235eb2e9930_0;
    %addi 1, 0, 32;
    %store/vec4 v00000235eb2e9930_0, 0, 32;
    %vpi_call/w 3 79 "$display", "[%0t] ERRO na leitura %0d: Data_out=%0d, esperado=%0d", $time, v00000235eb2e99d0_0, v00000235eb2e8170_0, &A<v00000235eb2e8a30, v00000235eb2e99d0_0 > {0 0 0};
    %jmp T_15.5;
T_15.4 ;
    %load/vec4 v00000235eb2e9a70_0;
    %addi 1, 0, 32;
    %store/vec4 v00000235eb2e9a70_0, 0, 32;
T_15.5 ;
    %load/vec4 v00000235eb2e99d0_0;
    %addi 1, 0, 32;
    %store/vec4 v00000235eb2e99d0_0, 0, 32;
T_15.0 ;
    %jmp T_15;
    .thread T_15;
    .scope S_00000235eb266580;
T_16 ;
    %pushi/vec4 0, 0, 1;
    %store/vec4 v00000235eb2e8210_0, 0, 1;
    %pushi/vec4 0, 0, 1;
    %store/vec4 v00000235eb2e92f0_0, 0, 1;
    %pushi/vec4 0, 0, 8;
    %store/vec4 v00000235eb2e8990_0, 0, 8;
    %pushi/vec4 0, 0, 1;
    %store/vec4 v00000235eb2e9390_0, 0, 1;
    %pushi/vec4 0, 0, 1;
    %store/vec4 v00000235eb2e8c10_0, 0, 1;
    %pushi/vec4 0, 0, 1;
    %store/vec4 v00000235eb2e9250_0, 0, 1;
    %pushi/vec4 0, 0, 32;
    %store/vec4 v00000235eb2e8f30_0, 0, 32;
    %pushi/vec4 0, 0, 32;
    %store/vec4 v00000235eb2e99d0_0, 0, 32;
    %pushi/vec4 0, 0, 32;
    %store/vec4 v00000235eb2e8fd0_0, 0, 32;
    %pushi/vec4 0, 0, 32;
    %store/vec4 v00000235eb2e9a70_0, 0, 32;
    %pushi/vec4 0, 0, 32;
    %store/vec4 v00000235eb2e9930_0, 0, 32;
    %fork TD_aFifo_TB.do_reset, S_00000235eb28f1f0;
    %join;
    %fork TD_aFifo_TB.test_fill_then_drain, S_00000235eb28f510;
    %join;
    %fork TD_aFifo_TB.do_reset, S_00000235eb28f1f0;
    %join;
    %pushi/real 1342177280, 4069; load=10.0000
    %store/real v00000235eb2e9cf0_0;
    %pushi/real 1744830464, 4069; load=13.0000
    %store/real v00000235eb2e8850_0;
    %pushi/vec4 200, 0, 32;
    %store/vec4 v00000235eb2e91b0_0, 0, 32;
    %fork TD_aFifo_TB.test_concurrent, S_00000235eb28f380;
    %join;
    %fork TD_aFifo_TB.do_reset, S_00000235eb28f1f0;
    %join;
    %pushi/real 1744830464, 4069; load=13.0000
    %store/real v00000235eb2e9cf0_0;
    %pushi/real 1342177280, 4069; load=10.0000
    %store/real v00000235eb2e8850_0;
    %pushi/vec4 200, 0, 32;
    %store/vec4 v00000235eb2e91b0_0, 0, 32;
    %fork TD_aFifo_TB.test_concurrent, S_00000235eb28f380;
    %join;
    %vpi_call/w 3 179 "$display", "\012===== RESULTADO FINAL: %0d leituras verificadas, %0d erro(s) =====", v00000235eb2e9a70_0, v00000235eb2e9930_0 {0 0 0};
    %load/vec4 v00000235eb2e9930_0;
    %cmpi/e 0, 0, 32;
    %jmp/0xz  T_16.0, 4;
    %vpi_call/w 3 182 "$display", "OK: sem perda, duplicacao ou reordenacao de dados.\012" {0 0 0};
    %jmp T_16.1;
T_16.0 ;
    %vpi_call/w 3 184 "$display", "FALHA: verificar as formas de onda em aFifo_TB.vcd\012" {0 0 0};
T_16.1 ;
    %vpi_call/w 3 185 "$finish" {0 0 0};
    %end;
    .thread T_16;
    .scope S_00000235eb266580;
T_17 ;
    %vpi_call/w 3 189 "$dumpfile", "aFifo_TB.vcd" {0 0 0};
    %vpi_call/w 3 190 "$dumpvars", 32'sb00000000000000000000000000000000, S_00000235eb266580 {0 0 0};
    %delay 500000000, 0;
    %vpi_call/w 3 192 "$display", "TIMEOUT" {0 0 0};
    %vpi_call/w 3 193 "$finish" {0 0 0};
    %end;
    .thread T_17;
# The file index is used to find the file name in the following table.
:file_names 7;
    "N/A";
    "<interactive>";
    "-";
    "aFifo_TB.v";
    "aFifo.v";
    "GrayCounter.v";
    "Synchronizer.v";
